[03:57:50] [ServerMain/INFO]: Environment: Environment[sessionHost=https://sessionserver.mojang.com, servicesHost=https://api.minecraftservices.com, name=PROD]
[03:57:52] [ServerMain/INFO]: Loaded 1337 recipes
[03:57:52] [ServerMain/INFO]: Loaded 1448 advancements
[03:57:52] [Server thread/INFO]: Starting minecraft server version 1.21.3
[03:57:52] [Server thread/INFO]: Loading properties
[03:57:52] [Server thread/INFO]: Default game type: SURVIVAL
[03:57:52] [Server thread/INFO]: Generating keypair
[03:57:52] [Server thread/INFO]: Starting Minecraft server on *:25565
[03:57:52] [Server thread/INFO]: Using epoll channel type
[03:57:52] [Server thread/WARN]: **** SERVER IS RUNNING IN OFFLINE/INSECURE MODE!
[03:57:52] [Server thread/WARN]: The server will make no attempt to authenticate usernames. Beware.
[03:57:52] [Server thread/WARN]: While this makes the game possible to play without internet access, it also opens up the ability for hackers to connect with any username they choose.
[03:57:52] [Server thread/WARN]: To change this, set "online-mode" to "true" in the server.properties file.
[03:57:52] [Server thread/INFO]: Preparing level "world"
[03:57:53] [Server thread/INFO]: Preparing start region for dimension minecraft:overworld
[03:57:56] [Worker-Main-1/INFO]: Preparing spawn area: 0%
[03:57:56] [Worker-Main-1/INFO]: Preparing spawn area: 0%
[03:57:56] [Worker-Main-1/INFO]: Preparing spawn area: 0%
[03:57:56] [Worker-Main-1/INFO]: Preparing spawn area: 0%
[03:57:56] [Worker-Main-1/INFO]: Preparing spawn area: 0%
[03:57:56] [Worker-Main-1/INFO]: Preparing spawn area: 0%
[03:57:56] [Server thread/INFO]: Time elapsed: 2821 ms
[03:57:56] [Server thread/INFO]: Done (3.436s)! For help, type "help"
[03:58:56] [Server thread/INFO]: Server empty for 60 seconds, pausing
[03:59:29] [Server thread/INFO]: ErickJaeger[/172.22.49.244:57858] logged in with entity id 12 at (8.5, 70.0, 1.5)
[03:59:29] [Server thread/INFO]: ErickJaeger joined the game
[04:09:28] [Server thread/INFO]: ErickJaeger was slain by Zombie
[04:11:21] [Server thread/INFO]: MaduxTitanus[/172.22.129.81:52555] logged in with entity id 2088 at (-4.5, 65.0, 2.5)
[04:11:21] [Server thread/INFO]: MaduxTitanus joined the game
[04:13:21] [Server thread/INFO]: ErickJaeger fell from a high place
[04:13:25] [Server thread/INFO]: ReyGamarra[/172.22.196.128:62124] logged in with entity id 3090 at (2.5, 73.0, 10.5)
[04:13:25] [Server thread/INFO]: ReyGamarra joined the game
[04:13:56] [Server thread/INFO]: Made ErickJaeger a server operator
[04:13:56] [Server thread/WARN]: Mismatch in destroy block pos: jh{x=3, y=66, z=10} jh{x=3, y=65, z=10}
[04:14:25] [Server thread/WARN]: Mismatch in destroy block pos: jh{x=3, y=66, z=10} jh{x=3, y=65, z=10}
[04:14:26] [Server thread/WARN]: Mismatch in destroy block pos: jh{x=3, y=66, z=10} jh{x=3, y=65, z=10}
[04:14:32] [Server thread/WARN]: Mismatch in destroy block pos: jh{x=3, y=66, z=10} jh{x=6, y=64, z=10}
[04:14:37] [Server thread/WARN]: Mismatch in destroy block pos: jh{x=-96, y=72, z=5} jh{x=-97, y=70, z=5}
[04:14:48] [Server thread/WARN]: Mismatch in destroy block pos: jh{x=3, y=66, z=10} jh{x=10, y=63, z=-1}
[04:15:45] [Server thread/INFO]: ErickJaeger was slain by Spider
[04:16:10] [Server thread/INFO]: MaduxTitanus has made the advancement [Monster Hunter]
[04:16:33] [Server thread/INFO]: ReyGamarra has made the advancement [Monster Hunter]
[04:17:22] [Server thread/INFO]: MaduxTitanus has made the advancement [Stone Age]
[04:18:12] [Server thread/INFO]: MaduxTitanus has made the advancement [Getting an Upgrade]
[04:18:42] [Server thread/INFO]: ReyGamarra has made the advancement [Stone Age]
[04:20:52] [Server thread/INFO]: ErickJaeger has made the advancement [Stone Age]
[04:22:24] [Server thread/INFO]: ErickJaeger fell from a high place
[04:22:37] [Server thread/INFO]: [Not Secure] <MaduxTitanus> jajaja que baboso
[04:22:51] [Server thread/INFO]: [ErickJaeger: Teleported ErickJaeger to MaduxTitanus]
[04:23:06] [Server thread/INFO]: ReyGamarra has made the advancement [Getting an Upgrade]
[04:31:03] [Server thread/INFO]: MaduxTitanus has made the advancement [Acquire Hardware]
[04:33:42] [Server thread/INFO]: ReyGamarra has made the advancement [Acquire Hardware]
[04:33:43] [Server thread/INFO]: MaduxTitanus has made the advancement [Not Today, Thank You]
[04:33:48] [Server thread/INFO]: ReyGamarra has made the advancement [Isn't It Iron Pick]
[04:41:31] [Server thread/INFO]: MaduxTitanus has made the advancement [Isn't It Iron Pick]
[04:41:36] [Server thread/INFO]: MaduxTitanus has made the advancement [Suit Up]
[04:46:33] [Server thread/INFO]: ReyGamarra has made the advancement [Hot Stuff]
[04:47:17] [Server thread/INFO]: ReyGamarra has made the advancement [Suit Up]
